// Jest Snapshot v1, https://goo.gl/fbAQLP

exports[`renders correctly 1`] = `
<nav
  aria-labelledby="nested-list-subheader"
  className="MuiList-root MuiList-padding"
  style={
    Object {
      "alignItems": "center",
      "textAlign": "center",
    }
  }
>
  <hr
    className="MuiDivider-root"
  />
  <div
    className="ProductInstruction"
  >
    <div
      aria-disabled={false}
      className="MuiButtonBase-root MuiListItem-root MuiListItem-gutters MuiListItem-button"
      onBlur={[Function]}
      onClick={[Function]}
      onDragLeave={[Function]}
      onFocus={[Function]}
      onKeyDown={[Function]}
      onKeyUp={[Function]}
      onMouseDown={[Function]}
      onMouseLeave={[Function]}
      onMouseUp={[Function]}
      onTouchEnd={[Function]}
      onTouchMove={[Function]}
      onTouchStart={[Function]}
      role="button"
      tabIndex={0}
    >
      <div
        className="MuiListItemText-root"
        style={
          Object {
            "textAlign": "center",
          }
        }
      >
        <span
          className="MuiTypography-root MuiListItemText-primary MuiTypography-body1 MuiTypography-displayBlock"
        >
          Detail
        </span>
      </div>
      <svg
        aria-hidden={true}
        className="MuiSvgIcon-root"
        focusable="false"
        viewBox="0 0 24 24"
      >
        <path
          d="M16.59 8.59L12 13.17 7.41 8.59 6 10l6 6 6-6z"
        />
      </svg>
    </div>
  </div>
  <hr
    className="MuiDivider-root"
  />
  <div
    className="ProductInstruction"
  >
    <div
      aria-disabled={false}
      className="MuiButtonBase-root MuiListItem-root MuiListItem-gutters MuiListItem-button"
      onBlur={[Function]}
      onClick={[Function]}
      onDragLeave={[Function]}
      onFocus={[Function]}
      onKeyDown={[Function]}
      onKeyUp={[Function]}
      onMouseDown={[Function]}
      onMouseLeave={[Function]}
      onMouseUp={[Function]}
      onTouchEnd={[Function]}
      onTouchMove={[Function]}
      onTouchStart={[Function]}
      role="button"
      tabIndex={0}
    >
      <div
        className="MuiListItemText-root"
        style={
          Object {
            "textAlign": "center",
          }
        }
      >
        <span
          className="MuiTypography-root MuiListItemText-primary MuiTypography-body1 MuiTypography-displayBlock"
        >
          Care
        </span>
      </div>
      <svg
        aria-hidden={true}
        className="MuiSvgIcon-root"
        focusable="false"
        viewBox="0 0 24 24"
      >
        <path
          d="M16.59 8.59L12 13.17 7.41 8.59 6 10l6 6 6-6z"
        />
      </svg>
    </div>
  </div>
  <hr
    className="MuiDivider-root"
  />
  <div
    className="ProductInstruction"
  >
    <div
      aria-disabled={false}
      className="MuiButtonBase-root MuiListItem-root MuiListItem-gutters MuiListItem-button"
      onBlur={[Function]}
      onClick={[Function]}
      onDragLeave={[Function]}
      onFocus={[Function]}
      onKeyDown={[Function]}
      onKeyUp={[Function]}
      onMouseDown={[Function]}
      onMouseLeave={[Function]}
      onMouseUp={[Function]}
      onTouchEnd={[Function]}
      onTouchMove={[Function]}
      onTouchStart={[Function]}
      role="button"
      tabIndex={0}
    >
      <div
        className="MuiListItemText-root"
        style={
          Object {
            "textAlign": "center",
          }
        }
      >
        <span
          className="MuiTypography-root MuiListItemText-primary MuiTypography-body1 MuiTypography-displayBlock"
        >
          Delivery
        </span>
      </div>
      <svg
        aria-hidden={true}
        className="MuiSvgIcon-root"
        focusable="false"
        viewBox="0 0 24 24"
      >
        <path
          d="M16.59 8.59L12 13.17 7.41 8.59 6 10l6 6 6-6z"
        />
      </svg>
    </div>
  </div>
  <hr
    className="MuiDivider-root"
  />
</nav>
`;
