// Jest Snapshot v1, https://goo.gl/fbAQLP

exports[`ReviewModal renders correctly 1`] = `null`;
